2025-12-08 10:08:01,160 [INFO] health_tracker.main: health_tracker started.
2025-12-08 10:08:01,162 [INFO] health_tracker.cli: Configured CLI process.
2025-12-08 10:08:11,127 [INFO] health_tracker.cli: Registering new person (Heiiba).
2025-12-08 10:08:11,127 [INFO] health_tracker.cli: Person Heiiba registered successfully.
2025-12-08 10:08:11,127 [INFO] health_tracker.cli: Logging activities.
2025-12-08 10:08:43,948 [INFO] health_tracker.cli: Logged Activity: Driving to Paradeep
2025-12-08 10:09:07,522 [INFO] health_tracker.cli: Logged Activity: Walk to roll store
2025-12-08 10:09:19,094 [INFO] health_tracker.cli: Logged Activity: Eating Roll
2025-12-08 10:09:19,095 [INFO] health_tracker.cli: Finished logging activities.
2025-12-08 10:09:19,095 [INFO] health_tracker.cli: Generating activity summary for Heiiba.
2025-12-08 10:09:19,095 [INFO] health_tracker.cli: Activity summary generated.
2025-12-08 10:10:19,188 [INFO] health_tracker.main: health_tracker started.
2025-12-08 10:10:19,191 [INFO] health_tracker.cli: Configured CLI process.
2025-12-08 10:10:32,632 [INFO] health_tracker.cli: Registering new person (Sujay).
2025-12-08 10:10:32,632 [INFO] health_tracker.cli: Person Sujay registered successfully.
2025-12-08 10:10:32,632 [INFO] health_tracker.cli: Logging activities.
2025-12-08 10:10:52,993 [INFO] health_tracker.cli: Logged Activity: Walk to Office
2025-12-08 10:11:14,190 [INFO] health_tracker.cli: Logged Activity: Arguing with Murthi
2025-12-08 10:11:35,196 [INFO] health_tracker.cli: Logged Activity: Walking back home
2025-12-08 10:11:35,196 [INFO] health_tracker.cli: Finished logging activities.
2025-12-08 10:11:35,196 [INFO] health_tracker.cli: Generating activity summary for Sujay.
2025-12-08 10:11:35,196 [INFO] health_tracker.cli: Activity summary generated.
2025-12-08 10:11:35,197 [INFO] health_tracker.main: health_tracker finished.
